// Jest Snapshot v1, https://goo.gl/fbAQLP

exports[`Header renders 1`] = `
<div
  className="carousel_header"
>
  <h1>
    Carousel Test
  </h1>
</div>
`;
