// Jest Snapshot v1, https://goo.gl/fbAQLP

exports[`Navigate button renders 1`] = `<button />`;
